// Jest Snapshot v1, https://goo.gl/fbAQLP

exports[`App renders correctly 1`] = `
<DocumentFragment>
  <div
    class="app"
  >
    <img
      alt="nasaLogo"
      class="nasa-logo"
      src="https://cdn.cnn.com/cnnnext/dam/assets/200424060716-nasa-worm-logo.jpg"
    />
    <div>
      <div
        class="search-form"
      >
        <form
          class="search-form"
        >
          <input
            class="search-input"
            type="text"
            value=""
          />
          <button
            class="search-btn"
            type="submit"
          >
            Go!
          </button>
        </form>
      </div>
    </div>
    <p
      class="unavailable"
    >
      No results!
    </p>
  </div>
</DocumentFragment>
`;
