// Jest Snapshot v1, https://goo.gl/fbAQLP

exports[`Search renders correctly 1`] = `
<DocumentFragment>
  <div
    class="container"
  >
    <img
      alt="spaceImage"
      class="card-image"
      src="https://images-assets.nasa.gov/image/PIA13517/PIA13517~thumb.jpg"
    />
    <img
      alt="spaceImage"
      class="card-image"
      src="https://images-assets.nasa.gov/image/PIA13517/PIA13517~thumb.jpg"
    />
  </div>
</DocumentFragment>
`;
